test_get_fixture_cards_accepts_all_current_aliases (test_activity_normalizers.ActivityNormalizerTests.test_get_fixture_cards_accepts_all_current_aliases) ... ok
test_normalize_card_visual_state_aliases (test_activity_normalizers.ActivityNormalizerTests.test_normalize_card_visual_state_aliases) ... ok
test_normalize_cards_preserves_current_string_and_none_behavior (test_activity_normalizers.ActivityNormalizerTests.test_normalize_cards_preserves_current_string_and_none_behavior) ... ok
test_normalize_max_cards (test_activity_normalizers.ActivityNormalizerTests.test_normalize_max_cards) ... ok
test_normalize_pair_accepts_tuple_list_and_dict (test_activity_normalizers.ActivityNormalizerTests.test_normalize_pair_accepts_tuple_list_and_dict) ... ok
test_normalize_pair_rejects_invalid_values (test_activity_normalizers.ActivityNormalizerTests.test_normalize_pair_rejects_invalid_values) ... ok
test_normalize_scale_factor_accepts_none_and_positive_values (test_activity_normalizers.ActivityNormalizerTests.test_normalize_scale_factor_accepts_none_and_positive_values) ... ok
test_normalize_scale_factor_rejects_zero_and_negative_values (test_activity_normalizers.ActivityNormalizerTests.test_normalize_scale_factor_rejects_zero_and_negative_values) ... ok
test_activities_do_not_import_isolated_durak_controller (test_architecture_boundaries.ArchitectureBoundaryTests.test_activities_do_not_import_isolated_durak_controller) ... ok
test_durak_domain_does_not_import_visual_runtime_modules (test_architecture_boundaries.ArchitectureBoundaryTests.test_durak_domain_does_not_import_visual_runtime_modules) ... ok
test_build_steps_resets_before_each_bot_by_default (test_bot_turn_activity_sequence.BotTurnActivitySequenceTests.test_build_steps_resets_before_each_bot_by_default) ... ok
test_flight_group_lifecycle_uses_identity_and_clears_on_finish (test_bot_turn_activity_sequence.BotTurnActivitySequenceTests.test_flight_group_lifecycle_uses_identity_and_clears_on_finish) ... ok
test_sequence_reveals_card_and_clears_flight_group_after_last_step (test_card_deal_sequence_activity.CardDealSequenceActivityTests.test_sequence_reveals_card_and_clears_flight_group_after_last_step) ... ok
test_start_deal_prepares_hands_by_default (test_card_deal_sequence_activity.CardDealSequenceActivityTests.test_start_deal_prepares_hands_by_default) ... ok
test_start_deal_skips_prepare_when_hands_are_prepared (test_card_deal_sequence_activity.CardDealSequenceActivityTests.test_start_deal_skips_prepare_when_hands_are_prepared) ... ok
test_start_deal_uses_round_robin_steps (test_card_deal_sequence_activity.CardDealSequenceActivityTests.test_start_deal_uses_round_robin_steps) ... ok
test_start_sequence_rejects_second_sequence_while_active (test_card_deal_sequence_activity.CardDealSequenceActivityTests.test_start_sequence_rejects_second_sequence_while_active) ... ok
test_start_sequence_starts_first_prebuilt_step (test_card_deal_sequence_activity.CardDealSequenceActivityTests.test_start_sequence_starts_first_prebuilt_step) ... ok
test_slot_card_visual_state_hides_and_restores_primary_frames (test_card_visibility_behavior.CardVisibilityBehaviorTests.test_slot_card_visual_state_hides_and_restores_primary_frames) ... ok
test_visible_hand_prepare_cards_conceals_unrevealed_cards (test_card_visibility_behavior.CardVisibilityBehaviorTests.test_visible_hand_prepare_cards_conceals_unrevealed_cards) ... ok
test_visible_hand_reveal_restores_resource_frames_once (test_card_visibility_behavior.CardVisibilityBehaviorTests.test_visible_hand_reveal_restores_resource_frames_once) ... ok
test_activity_result_accepts_cancelled_and_failed_statuses (test_controller_activity_contracts.ControllerActivityContractTests.test_activity_result_accepts_cancelled_and_failed_statuses) ... ok
test_activity_result_is_screen_to_controller_completion_fact (test_controller_activity_contracts.ControllerActivityContractTests.test_activity_result_is_screen_to_controller_completion_fact) ... ok
test_activity_result_rejects_invalid_identity_payload_and_status (test_controller_activity_contracts.ControllerActivityContractTests.test_activity_result_rejects_invalid_identity_payload_and_status) ... ok
test_controller_response_normalizes_command_lists_to_tuple (test_controller_activity_contracts.ControllerActivityContractTests.test_controller_response_normalizes_command_lists_to_tuple) ... ok
test_controller_response_preserves_optional_state_view (test_controller_activity_contracts.ControllerActivityContractTests.test_controller_response_preserves_optional_state_view) ... ok
test_controller_response_rejects_non_visual_commands (test_controller_activity_contracts.ControllerActivityContractTests.test_controller_response_rejects_non_visual_commands) ... ok
test_missing_activity_result_handler_is_noop (test_controller_activity_contracts.ControllerActivityContractTests.test_missing_activity_result_handler_is_noop) ... ok
test_screen_accepts_controller_response_from_input_handler (test_controller_activity_contracts.ControllerActivityContractTests.test_screen_accepts_controller_response_from_input_handler) ... ok
test_screen_accepts_single_visual_command_response (test_controller_activity_contracts.ControllerActivityContractTests.test_screen_accepts_single_visual_command_response) ... ok
test_screen_forwards_activity_result_to_controller (test_controller_activity_contracts.ControllerActivityContractTests.test_screen_forwards_activity_result_to_controller) ... ok
test_screen_preserves_legacy_visual_command_iterable_response (test_controller_activity_contracts.ControllerActivityContractTests.test_screen_preserves_legacy_visual_command_iterable_response) ... ok
test_screen_rejects_non_activity_result_for_controller_result_path (test_controller_activity_contracts.ControllerActivityContractTests.test_screen_rejects_non_activity_result_for_controller_result_path) ... ok
test_visual_command_carries_correlation_and_blocking_policy (test_controller_activity_contracts.ControllerActivityContractTests.test_visual_command_carries_correlation_and_blocking_policy) ... ok
test_visual_command_rejects_empty_type_and_non_dict_payload (test_controller_activity_contracts.ControllerActivityContractTests.test_visual_command_rejects_empty_type_and_non_dict_payload) ... ok
test_each_normalized_deal_contains_one_resource_key (test_deal_cards_activity.DealCardsActivityTests.test_each_normalized_deal_contains_one_resource_key) ... ok
test_normalize_deals_preserves_target_and_card_order (test_deal_cards_activity.DealCardsActivityTests.test_normalize_deals_preserves_target_and_card_order) ... ok
test_start_deals_runs_prebuilt_sequence (test_deal_cards_activity.DealCardsActivityTests.test_start_deals_runs_prebuilt_sequence) ... ok
test_deal_contract_rejects_missing_recipient (test_deck_fixture_contract.DeckFixtureContractTests.test_deal_contract_rejects_missing_recipient) ... ok
test_fixture_forwards_trump_and_deals_to_public_methods (test_deck_fixture_contract.DeckFixtureContractTests.test_fixture_forwards_trump_and_deals_to_public_methods) ... ok
test_attack_allows_multiple_cards_with_same_rank (test_durak_controller_edge_cases.DurakControllerEdgeCaseTests.test_attack_allows_multiple_cards_with_same_rank) ... ok
test_attack_rejects_empty_selection_and_card_not_in_hand (test_durak_controller_edge_cases.DurakControllerEdgeCaseTests.test_attack_rejects_empty_selection_and_card_not_in_hand) ... ok
test_constructor_rejects_deck_without_initial_hands_and_trump (test_durak_controller_edge_cases.DurakControllerEdgeCaseTests.test_constructor_rejects_deck_without_initial_hands_and_trump) ... ok
test_constructor_rejects_too_few_players (test_durak_controller_edge_cases.DurakControllerEdgeCaseTests.test_constructor_rejects_too_few_players) ... ok
test_defense_allows_trump_against_non_trump (test_durak_controller_edge_cases.DurakControllerEdgeCaseTests.test_defense_allows_trump_against_non_trump) ... ok
test_defense_rejects_non_trump_against_trump (test_durak_controller_edge_cases.DurakControllerEdgeCaseTests.test_defense_rejects_non_trump_against_trump) ... ok
test_successful_defense_draws_only_remaining_cards_when_deck_is_short (test_durak_controller_edge_cases.DurakControllerEdgeCaseTests.test_successful_defense_draws_only_remaining_cards_when_deck_is_short) ... ok
test_three_player_successful_defense_makes_defender_attack_next_player (test_durak_controller_edge_cases.DurakControllerEdgeCaseTests.test_three_player_successful_defense_makes_defender_attack_next_player) ... ok
test_three_player_take_makes_next_after_defender_attack (test_durak_controller_edge_cases.DurakControllerEdgeCaseTests.test_three_player_take_makes_next_after_defender_attack) ... ok
test_throw_in_allows_rank_from_defense_card_already_on_table (test_durak_controller_edge_cases.DurakControllerEdgeCaseTests.test_throw_in_allows_rank_from_defense_card_already_on_table) ... ok
test_attack_delegates_legality_to_rules (test_durak_game_controller.DurakGameControllerTests.test_attack_delegates_legality_to_rules) ... ok
test_attack_moves_cards_from_attacker_to_battle_table (test_durak_game_controller.DurakGameControllerTests.test_attack_moves_cards_from_attacker_to_battle_table) ... ok
test_attack_rejects_non_attacker_and_mixed_ranks_in_mocked_state (test_durak_game_controller.DurakGameControllerTests.test_attack_rejects_non_attacker_and_mixed_ranks_in_mocked_state) ... ok
test_defense_rejects_already_defended_attack_pair (test_durak_game_controller.DurakGameControllerTests.test_defense_rejects_already_defended_attack_pair) ... ok
test_defense_rejects_card_that_cannot_beat_attack (test_durak_game_controller.DurakGameControllerTests.test_defense_rejects_card_that_cannot_beat_attack) ... ok
test_empty_deck_marks_last_player_with_cards_as_fool (test_durak_game_controller.DurakGameControllerTests.test_empty_deck_marks_last_player_with_cards_as_fool) ... ok
test_start_game_deals_six_cards_and_lowest_trump_attacks_first (test_durak_game_controller.DurakGameControllerTests.test_start_game_deals_six_cards_and_lowest_trump_attacks_first) ... ok
test_successful_defense_discards_cards_and_defender_attacks_next (test_durak_game_controller.DurakGameControllerTests.test_successful_defense_discards_cards_and_defender_attacks_next) ... ok
test_successful_defense_draws_attacker_thrower_then_defender_in_mocked_state (test_durak_game_controller.DurakGameControllerTests.test_successful_defense_draws_attacker_thrower_then_defender_in_mocked_state) ... ok
test_take_cards_gives_table_to_defender_and_skips_defender_turn (test_durak_game_controller.DurakGameControllerTests.test_take_cards_gives_table_to_defender_and_skips_defender_turn) ... ok
test_take_cards_rejects_non_defender (test_durak_game_controller.DurakGameControllerTests.test_take_cards_rejects_non_defender) ... ok
test_throw_in_rejects_defender_and_respects_defender_initial_hand_limit (test_durak_game_controller.DurakGameControllerTests.test_throw_in_rejects_defender_and_respects_defender_initial_hand_limit) ... ok
test_throw_in_requires_rank_already_on_table (test_durak_game_controller.DurakGameControllerTests.test_throw_in_requires_rank_already_on_table) ... ok
test_can_beat_same_suit_only_with_higher_rank (test_durak_game_controller.DurakRulesTests.test_can_beat_same_suit_only_with_higher_rank) ... ok
test_trump_beats_non_trump_and_only_higher_trump_beats_trump (test_durak_game_controller.DurakRulesTests.test_trump_beats_non_trump_and_only_higher_trump_beats_trump) ... ok
test_card_deal_sequence_exposes_and_cleans_flight_group (test_generated_group_lifecycle.GeneratedGroupLifecycleTests.test_card_deal_sequence_exposes_and_cleans_flight_group) ... ok
test_discard_table_exposes_groups_during_fade_and_clears_on_finish (test_generated_group_lifecycle.GeneratedGroupLifecycleTests.test_discard_table_exposes_groups_during_fade_and_clears_on_finish) ... ok
test_player_turn_combines_flight_and_play_area_groups (test_generated_group_lifecycle.GeneratedGroupLifecycleTests.test_player_turn_combines_flight_and_play_area_groups) ... ok
test_candidate_rect_is_applied_without_mutating_original_snapshot (test_gui_geometry_report.GuiGeometryReportTests.test_candidate_rect_is_applied_without_mutating_original_snapshot) ... ok
test_frame_and_its_child_group_can_overlap (test_gui_geometry_report.GuiGeometryReportTests.test_frame_and_its_child_group_can_overlap) ... ok
test_groups_from_one_activity_can_overlap (test_gui_geometry_report.GuiGeometryReportTests.test_groups_from_one_activity_can_overlap) ... ok
test_p0_contains_object_and_screen_parameters (test_gui_geometry_report.GuiGeometryReportTests.test_p0_contains_object_and_screen_parameters) ... ok
test_p1_contains_exact_intersection_parameters (test_gui_geometry_report.GuiGeometryReportTests.test_p1_contains_exact_intersection_parameters) ... ok
test_session_allowlist_can_ignore_object_or_specific_pair (test_gui_geometry_report.GuiGeometryReportTests.test_session_allowlist_can_ignore_object_or_specific_pair) ... ok
test_build_slot_cards_transfer_specs_creates_specs_and_clears_source (test_play_area_slots_activity_transfers.PlayAreaSlotsTransferTests.test_build_slot_cards_transfer_specs_creates_specs_and_clears_source) ... ok
test_clear_slot_cards_clears_slots_actions_batches_and_pending_cards (test_play_area_slots_activity_transfers.PlayAreaSlotsTransferTests.test_clear_slot_cards_clears_slots_actions_batches_and_pending_cards) ... ok
test_has_pending_slot_transfers_checks_actions_and_batches (test_play_area_slots_activity_transfers.PlayAreaSlotsTransferTests.test_has_pending_slot_transfers_checks_actions_and_batches) ... ok
test_land_slot_transfer_card_extends_target_to_index (test_play_area_slots_activity_transfers.PlayAreaSlotsTransferTests.test_land_slot_transfer_card_extends_target_to_index) ... ok
test_queue_slot_transfer_batch_defers_when_actions_are_running (test_play_area_slots_activity_transfers.PlayAreaSlotsTransferTests.test_queue_slot_transfer_batch_defers_when_actions_are_running) ... ok
test_bottom_player_receives_fixture_face_cards_in_deal_order (test_start_game_activity.StartGameActivityTests.test_bottom_player_receives_fixture_face_cards_in_deal_order) ... ok
test_deals_one_card_to_each_recipient_before_next_round (test_start_game_activity.StartGameActivityTests.test_deals_one_card_to_each_recipient_before_next_round) ... ok
test_first_two_cards_form_a_right_left_v (test_start_game_activity.StartGameActivityTests.test_first_two_cards_form_a_right_left_v) ... ok
test_six_card_hand_has_no_gaps_between_center_and_edges (test_start_game_activity.StartGameActivityTests.test_six_card_hand_has_no_gaps_between_center_and_edges) ... ok
test_six_card_hand_is_symmetric_about_its_center_axis (test_start_game_activity.StartGameActivityTests.test_six_card_hand_is_symmetric_about_its_center_axis) ... ok
test_start_scenario_runs_prebuilt_sequence (test_start_game_activity.StartGameActivityTests.test_start_scenario_runs_prebuilt_sequence) ... ok

----------------------------------------------------------------------
Ran 85 tests in 0.184s

OK
pygame 2.6.1 (SDL 2.28.4, Python 3.11.9)
Hello from the pygame community. https://www.pygame.org/contribute.html
